Test #1 -- running ./scheduler -f processes.txt -a ff -m u
Test #1 PASSED

Test #2 -- running ./scheduler -f processes.txt -a rr -m u -q 10
Test #2 PASSED

Test #3 -- running ./scheduler -f rr_memoryoverlap.txt -a ff -s 20 -m p
Test #3 PASSED

Test #4 -- running ./scheduler -f rr_memoryoverlap.txt -a rr -s 20 -m p -q 10
Test #4 PASSED

Test #5 -- running ./scheduler -f rr_memoryoverlap.txt -a ff -s 20 -m p -q 10
Test #5 PASSED

Test #6 -- running ./scheduler -f rr_memoryoverlap.txt -a rr -s 20 -m v -q 10
Test #6 PASSED

Test #7 -- running ./scheduler -f timejumps.txt -a ff -s 48 -m p
Test #7 PASSED

Test #8 -- running ./scheduler -f timejumps.txt -a rr -s 100 -m p -q 10
Test #8 PASSED

Test #9 -- running ./scheduler -f timejumps.txt -a rr -s 100 -m v -q 10
Test #9 PASSED

Test #10 -- running ./scheduler -f rr_memoryoverlap.txt -a rr -s 40  -m p -q 10
Test #10 PASSED

Test #11 -- running ./scheduler -f rr_memoryoverlap.txt -a rr -s 40 -m v -q 10
Test #11 PASSED

Running `./scheduler -f benchmark-cs.txt -a rr -s 100 -m v -q 10`
========== STDOUT ============
==============================
---------- STDERR ------------
------------------------------
Running `./scheduler -f benchmark-cs.txt -a ff -s 100 -m v`
========== STDOUT ============
==============================
---------- STDERR ------------
------------------------------
Running `./scheduler -f benchmark-cs.txt -a cs -s 100 -m v`
========== STDOUT ============
==============================
---------- STDERR ------------
------------------------------

Running `./scheduler -f benchmark-cm.txt -a rr -s 100 -m v -q 10`
========== STDOUT ============
==============================
---------- STDERR ------------
------------------------------
Running `./scheduler -f benchmark-cm.txt -a rr -s 100 -m p -q 10`
========== STDOUT ============
==============================
---------- STDERR ------------
------------------------------
Running `./scheduler -f benchmark-cm.txt -a rr -s 100 -m cm -q 10`
========== STDOUT ============
==============================
---------- STDERR ------------
------------------------------

make[1]: Leaving directory '/home/leyanl/comp30023/comp30023-2020-project-2'

